/home/eclipse/NetBeansProjects/ZeroDoor/src/main/java/zeroticketattendance/Controller/NFCException.java
/home/eclipse/NetBeansProjects/ZeroDoor/src/main/java/zeroticketattendance/View/IndexView.java
/home/eclipse/NetBeansProjects/ZeroDoor/src/main/java/zeroticketattendance/ZeroTicketAttendance.java
/home/eclipse/NetBeansProjects/ZeroDoor/src/main/java/zeroticketattendance/Controller/SmartCardTerminal.java
/home/eclipse/NetBeansProjects/ZeroDoor/src/main/java/zeroticketattendance/Controller/Logs.java
/home/eclipse/NetBeansProjects/ZeroDoor/src/main/java/zeroticketattendance/Controller/DataBaseClass.java
/home/eclipse/NetBeansProjects/ZeroDoor/src/main/java/zeroticketattendance/Utils/OSUtils.java
/home/eclipse/NetBeansProjects/ZeroDoor/src/main/java/zeroticketattendance/Controller/ReaderUtils.java
/home/eclipse/NetBeansProjects/ZeroDoor/src/main/java/zeroticketattendance/Controller/ConfigClass.java
/home/eclipse/NetBeansProjects/ZeroDoor/src/main/java/zeroticketattendance/Controller/IndexController.java
